// Jest Snapshot v1, https://goo.gl/fbAQLP

exports[`should render empty background 1`] = `
.c0 {
  -webkit-align-items: stretch;
  -webkit-box-align: stretch;
  -ms-flex-align: stretch;
  align-items: stretch;
  border-color: #191E26;
  border-style: solid;
  border-width: 0;
  box-sizing: border-box;
  display: -webkit-box;
  display: -webkit-flex;
  display: -ms-flexbox;
  display: flex;
  -webkit-flex-direction: column;
  -ms-flex-direction: column;
  flex-direction: column;
  -webkit-box-flex: 0;
  -webkit-flex-grow: 0;
  -ms-flex-positive: 0;
  flex-grow: 0;
  -webkit-flex-shrink: 0;
  -ms-flex-negative: 0;
  flex-shrink: 0;
  position: relative;
  min-height: 0;
  min-width: 0;
}

.c1 {
  background: #f7f7f7;
  padding: 16px;
}

<div
  class="c0 c1"
  data-testid="test"
/>
`;
